L2311-2     NON CONFIRMÉ — deux lectures stables, mais le contenu ne porte pas le fragment attendu : homonyme probable — l'article n'entre pas au référentiel
L2313-1     NON CONFIRMÉ — deux lectures stables, mais le contenu ne porte pas le fragment attendu : homonyme probable — l'article n'entre pas au référentiel
L2315-36    confirmé  LEGIARTI000035626455  Une commission santé, sécurité et conditions de travail est …
L2331-1     NON CONFIRMÉ — deux lectures stables, mais le contenu ne porte pas le fragment attendu : homonyme probable — l'article n'entre pas au référentiel
L1153-5-1   confirmé  LEGIARTI000037380160  Dans toute entreprise employant au moins deux cent cinquante…
L1311-2     NON CONFIRMÉ — deux lectures stables, mais le contenu ne porte pas le fragment attendu : homonyme probable — l'article n'entre pas au référentiel
L1321-1     NON CONFIRMÉ — deux lectures stables, mais le contenu ne porte pas le fragment attendu : homonyme probable — l'article n'entre pas au référentiel
L1321-2     NON CONFIRMÉ — deux lectures stables, mais le contenu ne porte pas le fragment attendu : homonyme probable — l'article n'entre pas au référentiel
L1321-4     NON CONFIRMÉ — deux lectures stables, mais le contenu ne porte pas le fragment attendu : homonyme probable — l'article n'entre pas au référentiel
R4121-1     NON CONFIRMÉ — deux lectures stables, mais le contenu ne porte pas le fragment attendu : homonyme probable — l'article n'entre pas au référentiel
R4121-2     NON CONFIRMÉ — deux lectures stables, mais le contenu ne porte pas le fragment attendu : homonyme probable — l'article n'entre pas au référentiel
R4121-4     NON CONFIRMÉ — deux lectures stables, mais le contenu ne porte pas le fragment attendu : homonyme probable — l'article n'entre pas au référentiel
L1152-4     confirmé  LEGIARTI000029144897  L'employeur prend toutes dispositions nécessaires en vue de …
L1153-5     confirmé  LEGIARTI000037389712  L'employeur prend toutes dispositions nécessaires en vue de …
L1142-6     NON CONFIRMÉ — deux lectures stables, mais le contenu ne porte pas le fragment attendu : homonyme probable — l'article n'entre pas au référentiel
D4711-1     confirmé  LEGIARTI000018527636  L'employeur affiche, dans des locaux normalement accessibles…
R4227-37    confirmé  LEGIARTI000024769379  Dans les établissements mentionnés à l'article R. 4227-34 , …
L3171-1     NON CONFIRMÉ — deux lectures stables, mais le contenu ne porte pas le fragment attendu : homonyme probable — l'article n'entre pas au référentiel
R2262-1     confirmé  LEGIARTI000048288541  A défaut d'autres modalités prévues par une convention ou un…
L1221-13    NON CONFIRMÉ — deux lectures stables, mais le contenu ne porte pas le fragment attendu : homonyme probable — l'article n'entre pas au référentiel
L4711-5     confirmé  LEGIARTI000006903389  Lorsqu'il est prévu que les informations énumérées aux artic…
D4132-1     NON CONFIRMÉ — deux lectures stables, mais le contenu ne porte pas le fragment attendu : homonyme probable — l'article n'entre pas au référentiel
L6315-1     NON CONFIRMÉ — deux lectures stables, mais le contenu ne porte pas le fragment attendu : homonyme probable — l'article n'entre pas au référentiel
L6321-1     NON CONFIRMÉ — deux lectures stables, mais le contenu ne porte pas le fragment attendu : homonyme probable — l'article n'entre pas au référentiel
L4141-2     NON CONFIRMÉ — deux lectures stables, mais le contenu ne porte pas le fragment attendu : homonyme probable — l'article n'entre pas au référentiel
L4622-1     NON CONFIRMÉ — deux lectures stables, mais le contenu ne porte pas le fragment attendu : homonyme probable — l'article n'entre pas au référentiel
R4624-10    confirmé  LEGIARTI000033769085  Tout travailleur bénéficie d'une visite d'information et de …
L3322-2     NON CONFIRMÉ — deux lectures stables, mais le contenu ne porte pas le fragment attendu : homonyme probable — l'article n'entre pas au référentiel
L1142-8     NON CONFIRMÉ — deux lectures stables, mais le contenu ne porte pas le fragment attendu : homonyme probable — l'article n'entre pas au référentiel
L5212-1     NON CONFIRMÉ — deux lectures stables, mais le contenu ne porte pas le fragment attendu : homonyme probable — l'article n'entre pas au référentiel
L5212-2     NON CONFIRMÉ — deux lectures stables, mais le contenu ne porte pas le fragment attendu : homonyme probable — l'article n'entre pas au référentiel
L5212-5     NON CONFIRMÉ — deux lectures stables, mais le contenu ne porte pas le fragment attendu : homonyme probable — l'article n'entre pas au référentiel

9 confirmés · 23 non confirmés (consignés à part)
