L2311-2     confirmé  LEGIARTI000035609353  Un comité social et économique est mis en place dans les ent…
L2313-1     confirmé  LEGIARTI000036761964  Un comité social et économique est mis en place au niveau de…
L2331-1     confirmé  LEGIARTI000006902131  I.-Un comité de groupe est constitué au sein du groupe formé…
L1311-2     confirmé  LEGIARTI000038610176  L'établissement d'un règlement intérieur est obligatoire dan…
L1321-1     confirmé  LEGIARTI000006901432  Le règlement intérieur est un document écrit par lequel l'em…
L1321-2     confirmé  LEGIARTI000045391757  Le règlement intérieur rappelle : 1° Les dispositions relati…
L1321-4     confirmé  LEGIARTI000054140230  Le règlement intérieur ne peut être introduit qu'après avoir…
R4121-1     confirmé  LEGIARTI000023795562  L'employeur transcrit et met à jour dans un document unique …
R4121-2     confirmé  LEGIARTI000045386446  La mise à jour du document unique d'évaluation des risques p…
R4121-4     confirmé  LEGIARTI000045386451  Le document unique d'évaluation des risques professionnels e…
L1142-6     confirmé  LEGIARTI000029144893  Dans les lieux de travail ainsi que dans les locaux ou à la …
L3171-1     toujours NON CONFIRMÉ
L1221-13    confirmé  LEGIARTI000033971569  Un registre unique du personnel est tenu dans tout établisse…
D4132-1     toujours NON CONFIRMÉ
L6315-1     toujours NON CONFIRMÉ
L6321-1     confirmé  LEGIARTI000052437104  L'employeur assure l'adaptation des salariés à leur poste de…
L4141-2     confirmé  LEGIARTI000006903166  L'employeur organise une formation pratique et appropriée à …
L4622-1     confirmé  LEGIARTI000043893834  Les employeurs relevant du présent titre organisent des serv…
L3322-2     confirmé  LEGIARTI000038613208  Les entreprises employant au moins cinquante salariés garant…
L1142-8     confirmé  LEGIARTI000044605453  Dans les entreprises d'au moins cinquante salariés, l'employ…
L5212-1     confirmé  LEGIARTI000044982351  La mobilisation en faveur de l'emploi des travailleurs handi…
L5212-2     toujours NON CONFIRMÉ
L5212-5     confirmé  LEGIARTI000037388702  L'employeur déclare sa situation au regard de l'obligation d…

28 confirmés au total · 4 non confirmés
